../HAL/FP/FP.c:154:13:FP_Init	16	static
../HAL/FP/FP.c:279:13:FP_SendCommand	64	static
../HAL/FP/FP.c:418:6:FP_Rx_Cyclic	16	static
../HAL/FP/FP.c:647:6:FP_SetMode	16	static
../HAL/FP/FP.c:675:11:FP_GetMode	4	static
../HAL/FP/FP.c:708:13:FP_CheckPacket	16	static
../HAL/FP/FP.c:765:6:FP_Enroll_SM	16	static
../HAL/FP/FP.c:1048:10:FP_Get_Curr_User_Id	4	static
../HAL/FP/FP.c:1071:28:FP_GetEnroll_Instruction	4	static
../HAL/FP/FP.c:1162:6:FP_SEARCH_SM	24	static
../HAL/FP/FP.c:1359:13:FP_Get_User	24	static
../HAL/FP/FP.c:1413:6:FP_MainFunction_Cyclic	8	static
../HAL/FP/FP.c:1464:6:FP_SimpleTesT	16	static
../HAL/FP/FP.c:1532:13:FP_Delete_All_Users	16	static
