../HAL/FP/FP.c:138:13:FP_Init	16	static
../HAL/FP/FP.c:212:13:FP_SendCommand	64	static
../HAL/FP/FP.c:351:6:FP_Rx_Cyclic	16	static
../HAL/FP/FP.c:580:6:FP_SetMode	16	static
../HAL/FP/FP.c:608:11:FP_GetMode	4	static
../HAL/FP/FP.c:641:13:FP_CheckPacket	16	static
../HAL/FP/FP.c:698:6:FP_Enroll_SM	16	static
../HAL/FP/FP.c:983:28:FP_GetEnroll_Instruction	4	static
../HAL/FP/FP.c:1074:6:FP_SEARCH_SM	24	static
../HAL/FP/FP.c:1270:13:FP_Get_User	24	static
../HAL/FP/FP.c:1324:6:FP_MainFunction_Cyclic	8	static
../HAL/FP/FP.c:1375:6:FP_SimpleTesT	16	static
