../Core/Src/stm32f4xx_it.c:82:6:NMI_Handler	4	static
../Core/Src/stm32f4xx_it.c:97:6:HardFault_Handler	4	static
../Core/Src/stm32f4xx_it.c:112:6:MemManage_Handler	4	static
../Core/Src/stm32f4xx_it.c:127:6:BusFault_Handler	4	static
../Core/Src/stm32f4xx_it.c:142:6:UsageFault_Handler	4	static
../Core/Src/stm32f4xx_it.c:158:6:DebugMon_Handler	4	static
../Core/Src/stm32f4xx_it.c:179:6:TIM6_DAC_IRQHandler	8	static
../Core/Src/stm32f4xx_it.c:194:6:OTG_FS_IRQHandler	8	static
../Core/Src/stm32f4xx_it.c:212:6:RTC_Alarm_IRQHandler	8	static
../Core/Src/stm32f4xx_it.c:223:6:EXTI9_5_IRQHandler	8	static
